[    0.000000] Initializing cgroup subsys cpuset
[    0.000000] Initializing cgroup subsys cpu
[    0.000000] Initializing cgroup subsys cpuacct
[    0.000000] Linux version 4.4.0-210-generic (buildd@lgw01-amd64-009) (gcc version 5.4.0 20160609 (Ubuntu 5.4.0-6ubuntu1~16.04.12) ) #242-Ubuntu SMP Fri Apr 16 09:57:56 UTC 2021 (Ubuntu 4.4.0-210.242-generic 4.4.262)
[    0.000000] Command line: BOOT_IMAGE=/boot/vmlinuz-4.4.0-210-generic root=LABEL=cloudimg-rootfs ro console=tty1 console=ttyS0
[    0.000000] KERNEL supported cpus:
[    0.000000]   Intel GenuineIntel
[    0.000000]   AMD AuthenticAMD
[    0.000000]   Centaur CentaurHauls
[    0.000000] x86/fpu: xstate_offset[2]:  576, xstate_sizes[2]:  256
[    0.000000] x86/fpu: Supporting XSAVE feature 0x01: 'x87 floating point registers'
[    0.000000] x86/fpu: Supporting XSAVE feature 0x02: 'SSE registers'
[    0.000000] x86/fpu: Supporting XSAVE feature 0x04: 'AVX registers'
[    0.000000] x86/fpu: Enabled xstate features 0x7, context size is 832 bytes, using 'standard' format.
[    0.000000] e820: BIOS-provided physical RAM map:
[    0.000000] BIOS-e820: [mem 0x0000000000000000-0x000000000009fbff] usable
[    0.000000] BIOS-e820: [mem 0x000000000009fc00-0x000000000009ffff] reserved
[    0.000000] BIOS-e820: [mem 0x00000000000f0000-0x00000000000fffff] reserved
[    0.000000] BIOS-e820: [mem 0x0000000000100000-0x000000003ffeffff] usable
[    0.000000] BIOS-e820: [mem 0x000000003fff0000-0x000000003fffffff] ACPI data
[    0.000000] BIOS-e820: [mem 0x00000000fec00000-0x00000000fec00fff] reserved
[    0.000000] BIOS-e820: [mem 0x00000000fee00000-0x00000000fee00fff] reserved
[    0.000000] BIOS-e820: [mem 0x00000000fffc0000-0x00000000ffffffff] reserved
[    0.000000] NX (Execute Disable) protection: active
[    0.000000] SMBIOS 2.5 present.
[    0.000000] Hypervisor detected: KVM
[    0.000000] e820: last_pfn = 0x3fff0 max_arch_pfn = 0x400000000
[    0.000000] MTRR: Disabled
[    0.000000] x86/PAT: MTRRs disabled, skipping PAT initialization too.
[    0.000000] CPU MTRRs all blank - virtualized system.
[    0.000000] x86/PAT: Configuration [0-7]: WB  WT  UC- UC  WB  WT  UC- UC  
[    0.000000] found SMP MP-table at [mem 0x0009fff0-0x0009ffff] mapped at [ffff88000009fff0]
[    0.000000] Scanning 1 areas for low memory corruption
[    0.000000] RAMDISK: [mem 0x362dc000-0x37165fff]
[    0.000000] ACPI: Early table checksum verification disabled
[    0.000000] ACPI: RSDP 0x00000000000E0000 000024 (v02 VBOX  )
[    0.000000] ACPI: XSDT 0x000000003FFF0030 00003C (v01 VBOX   VBOXXSDT 00000001 ASL  00000061)
[    0.000000] ACPI: FACP 0x000000003FFF00F0 0000F4 (v04 VBOX   VBOXFACP 00000001 ASL  00000061)
[    0.000000] ACPI: DSDT 0x000000003FFF0470 002325 (v02 VBOX   VBOXBIOS 00000002 INTL 20100528)
[    0.000000] ACPI: FACS 0x000000003FFF0200 000040
[    0.000000] ACPI: FACS 0x000000003FFF0200 000040
[    0.000000] ACPI: APIC 0x000000003FFF0240 00005C (v02 VBOX   VBOXAPIC 00000001 ASL  00000061)
[    0.000000] ACPI: SSDT 0x000000003FFF02A0 0001CC (v01 VBOX   VBOXCPUT 00000002 INTL 20100528)
[    0.000000] No NUMA configuration found
[    0.000000] Faking a node at [mem 0x0000000000000000-0x000000003ffeffff]
[    0.000000] NODE_DATA(0) allocated [mem 0x3ffeb000-0x3ffeffff]
[    0.000000] kvm-clock: Using msrs 4b564d01 and 4b564d00
[    0.000000] kvm-clock: cpu 0, msr 0:3ffe3001, primary cpu clock
[    0.000000] kvm-clock: using sched offset of 3274235226 cycles
[    0.000000] clocksource: kvm-clock: mask: 0xffffffffffffffff max_cycles: 0x1cd42e4dffb, max_idle_ns: 881590591483 ns
[    0.000000] Zone ranges:
[    0.000000]   DMA      [mem 0x0000000000001000-0x0000000000ffffff]
[    0.000000]   DMA32    [mem 0x0000000001000000-0x000000003ffeffff]
[    0.000000]   Normal   empty
[    0.000000]   Device   empty
[    0.000000] Movable zone start for each node
[    0.000000] Early memory node ranges
[    0.000000]   node   0: [mem 0x0000000000001000-0x000000000009efff]
[    0.000000]   node   0: [mem 0x0000000000100000-0x000000003ffeffff]
[    0.000000] Initmem setup node 0 [mem 0x0000000000001000-0x000000003ffeffff]
[    0.000000] ACPI: PM-Timer IO Port: 0x4008
[    0.000000] IOAPIC[0]: apic_id 2, version 32, address 0xfec00000, GSI 0-23
[    0.000000] ACPI: INT_SRC_OVR (bus 0 bus_irq 0 global_irq 2 dfl dfl)
[    0.000000] ACPI: INT_SRC_OVR (bus 0 bus_irq 9 global_irq 9 low level)
[    0.000000] Using ACPI (MADT) for SMP configuration information
[    0.000000] smpboot: Allowing 2 CPUs, 0 hotplug CPUs
[    0.000000] PM: Registered nosave memory: [mem 0x00000000-0x00000fff]
[    0.000000] PM: Registered nosave memory: [mem 0x0009f000-0x0009ffff]
[    0.000000] PM: Registered nosave memory: [mem 0x000a0000-0x000effff]
[    0.000000] PM: Registered nosave memory: [mem 0x000f0000-0x000fffff]
[    0.000000] e820: [mem 0x40000000-0xfebfffff] available for PCI devices
[    0.000000] Booting paravirtualized kernel on KVM
[    0.000000] clocksource: refined-jiffies: mask: 0xffffffff max_cycles: 0xffffffff, max_idle_ns: 7645519600211568 ns
[    0.000000] setup_percpu: NR_CPUS:512 nr_cpumask_bits:512 nr_cpu_ids:2 nr_node_ids:1
[    0.000000] PERCPU: Embedded 33 pages/cpu @ffff88003fc00000 s95192 r8192 d31784 u1048576
[    0.000000] Built 1 zonelists in Node order, mobility grouping on.  Total pages: 257912
[    0.000000] Policy zone: DMA32
[    0.000000] Kernel command line: BOOT_IMAGE=/boot/vmlinuz-4.4.0-210-generic root=LABEL=cloudimg-rootfs ro console=tty1 console=ttyS0
[    0.000000] PID hash table entries: 4096 (order: 3, 32768 bytes)
[    0.000000] Memory: 997792K/1048120K available (8644K kernel code, 1332K rwdata, 4044K rodata, 1492K init, 1164K bss, 50328K reserved, 0K cma-reserved)
[    0.000000] SLUB: HWalign=64, Order=0-3, MinObjects=0, CPUs=2, Nodes=1
[    0.000000] Kernel/User page tables isolation: enabled
[    0.000000] Hierarchical RCU implementation.
[    0.000000] 	Build-time adjustment of leaf fanout to 64.
[    0.000000] 	RCU restricting CPUs from NR_CPUS=512 to nr_cpu_ids=2.
[    0.000000] RCU: Adjusting geometry for rcu_fanout_leaf=64, nr_cpu_ids=2
[    0.000000] NR_IRQS:33024 nr_irqs:440 16
[    0.000000] Console: colour VGA+ 80x25
[    0.000000] console [tty1] enabled
[    0.000000] console [ttyS0] enabled
[    0.000000] tsc: Detected 3503.998 MHz processor
[    0.127264] Calibrating delay loop (skipped) preset value.. 7007.99 BogoMIPS (lpj=14015992)
[    0.128865] pid_max: default: 32768 minimum: 301
[    0.129726] ACPI: Core revision 20150930
[    0.131818] ACPI: 2 ACPI AML tables successfully acquired and loaded
[    0.133011] Security Framework initialized
[    0.133787] Yama: becoming mindful.
[    0.134503] AppArmor: AppArmor initialized
[    0.135415] Dentry cache hash table entries: 131072 (order: 8, 1048576 bytes)
[    0.137032] Inode-cache hash table entries: 65536 (order: 7, 524288 bytes)
[    0.138225] Mount-cache hash table entries: 2048 (order: 2, 16384 bytes)
[    0.139449] Mountpoint-cache hash table entries: 2048 (order: 2, 16384 bytes)
[    0.140716] Initializing cgroup subsys io
[    0.141576] Initializing cgroup subsys memory
[    0.142392] Initializing cgroup subsys devices
[    0.143264] Initializing cgroup subsys freezer
[    0.144093] Initializing cgroup subsys net_cls
[    0.144924] Initializing cgroup subsys perf_event
[    0.145797] Initializing cgroup subsys net_prio
[    0.146670] Initializing cgroup subsys hugetlb
[    0.147658] Initializing cgroup subsys pids
[    0.149650] mce: CPU supports 0 MCE banks
[    0.150451] Last level iTLB entries: 4KB 64, 2MB 8, 4MB 8
[    0.151483] Last level dTLB entries: 4KB 64, 2MB 0, 4MB 0, 1GB 4
[    0.152523] Spectre V1 : Mitigation: usercopy/swapgs barriers and __user pointer sanitization
[    0.154097] Spectre V2 : Mitigation: Full generic retpoline
[    0.155130] Spectre V2 : Spectre v2 / SpectreRSB mitigation: Filling RSB on context switch
[    0.156656] Speculative Store Bypass: Vulnerable
[    0.157632] MDS: Mitigation: Clear CPU buffers
[    0.160833] Freeing SMP alternatives memory: 36K
[    0.166987] ftrace: allocating 32380 entries in 127 pages
[    0.219193] smpboot: APIC(0) Converting physical 0 to logical package 0
[    0.220335] smpboot: Max logical packages: 1
[    0.221398] x2apic enabled
[    0.222258] Switched APIC routing to physical x2apic.
[    0.224321] ..TIMER: vector=0x30 apic1=0 pin1=2 apic2=-1 pin2=-1
[    0.333468] smpboot: CPU0: Intel(R) Core(TM) i9-9900X CPU @ 3.50GHz (family: 0x6, model: 0x55, stepping: 0x4)
[    0.335425] Performance Events: unsupported p6 CPU model 85 no PMU driver, software events only.
[    0.344377] KVM setup paravirtual spinlock
[    0.346028] x86: Booting SMP configuration:
[    0.346839] .... node  #0, CPUs:      #1
[    0.347705] kvm-clock: cpu 1, msr 0:3ffe3041, secondary cpu clock
[    0.349598] mce: CPU supports 0 MCE banks
[    0.352127] x86: Booted up 1 node, 2 CPUs
[    0.353126] smpboot: Total of 2 processors activated (14015.99 BogoMIPS)
[    0.354571] devtmpfs: initialized
[    0.356546] evm: security.selinux
[    0.357251] evm: security.SMACK64
[    0.357966] evm: security.SMACK64EXEC
[    0.358694] evm: security.SMACK64TRANSMUTE
[    0.359497] evm: security.SMACK64MMAP
[    0.360227] evm: security.ima
[    0.360866] evm: security.capability
[    0.361737] clocksource: jiffies: mask: 0xffffffff max_cycles: 0xffffffff, max_idle_ns: 7645041785100000 ns
[    0.363551] futex hash table entries: 512 (order: 3, 32768 bytes)
[    0.364688] pinctrl core: initialized pinctrl subsystem
[    0.365708] RTC time: 17:48:08, date: 11/30/21
[    0.366673] NET: Registered protocol family 16
[    0.378181] cpuidle: using governor ladder
[    0.390476] cpuidle: using governor menu
[    0.391269] PCCT header not found.
[    0.392034] ACPI: bus type PCI registered
[    0.392817] acpiphp: ACPI Hot Plug PCI Controller Driver version: 0.5
[    0.394058] PCI: Using configuration type 1 for base access
[    0.406888] ACPI: Added _OSI(Module Device)
[    0.407706] ACPI: Added _OSI(Processor Device)
[    0.408641] ACPI: Added _OSI(3.0 _SCP Extensions)
[    0.409541] ACPI: Added _OSI(Processor Aggregator Device)
[    0.411112] ACPI: Executed 1 blocks of module-level executable AML code
[    0.414136] ACPI: Interpreter enabled
[    0.414905] ACPI: (supports S0 S5)
[    0.415656] ACPI: Using IOAPIC for interrupt routing
[    0.416678] PCI: Using host bridge windows from ACPI; if necessary, use "pci=nocrs" and report a bug
[    0.421243] ACPI: PCI Root Bridge [PCI0] (domain 0000 [bus 00-ff])
[    0.422337] acpi PNP0A03:00: _OSC: OS supports [ASPM ClockPM Segments MSI]
[    0.423783] acpi PNP0A03:00: _OSC: not requesting OS control; OS requires [ExtendedConfig ASPM ClockPM MSI]
[    0.425531] acpi PNP0A03:00: fail to add MMCONFIG information, can't access extended PCI configuration space under this bridge.
[    0.427830] PCI host bridge to bus 0000:00
[    0.428632] pci_bus 0000:00: root bus resource [io  0x0000-0x0cf7 window]
[    0.429784] pci_bus 0000:00: root bus resource [io  0x0d00-0xffff window]
[    0.430934] pci_bus 0000:00: root bus resource [mem 0x000a0000-0x000bffff window]
[    0.432459] pci_bus 0000:00: root bus resource [mem 0x40000000-0xfdffffff window]
[    0.433914] pci_bus 0000:00: root bus resource [bus 00-ff]
[    0.436405] pci 0000:00:01.1: legacy IDE quirk: reg 0x10: [io  0x01f0-0x01f7]
[    0.437691] pci 0000:00:01.1: legacy IDE quirk: reg 0x14: [io  0x03f6]
[    0.438811] pci 0000:00:01.1: legacy IDE quirk: reg 0x18: [io  0x0170-0x0177]
[    0.439998] pci 0000:00:01.1: legacy IDE quirk: reg 0x1c: [io  0x0376]
[    0.459529] pci 0000:00:07.0: quirk: [io  0x4000-0x403f] claimed by PIIX4 ACPI
[    0.460998] pci 0000:00:07.0: quirk: [io  0x4100-0x410f] claimed by PIIX4 SMB
[    0.467380] ACPI: PCI Interrupt Link [LNKA] (IRQs 5 9 10 *11)
[    0.468939] ACPI: PCI Interrupt Link [LNKB] (IRQs 5 9 *10 11)
[    0.470363] ACPI: PCI Interrupt Link [LNKC] (IRQs 5 *9 10 11)
[    0.471745] ACPI: PCI Interrupt Link [LNKD] (IRQs 5 9 10 *11)
[    0.473178] ACPI: Enabled 2 GPEs in block 00 to 07
[    0.474318] vgaarb: setting as boot device: PCI:0000:00:02.0
[    0.475342] vgaarb: device added: PCI:0000:00:02.0,decodes=io+mem,owns=io+mem,locks=none
[    0.476874] vgaarb: loaded
[    0.477482] vgaarb: bridge control possible 0000:00:02.0
[    0.478613] SCSI subsystem initialized
[    0.479464] ACPI: bus type USB registered
[    0.480403] usbcore: registered new interface driver usbfs
[    0.481386] usbcore: registered new interface driver hub
[    0.482488] usbcore: registered new device driver usb
[    0.483813] PCI: Using ACPI for IRQ routing
[    0.484878] NetLabel: Initializing
[    0.485589] NetLabel:  domain hash size = 128
[    0.486435] NetLabel:  protocols = UNLABELED CIPSOv4
[    0.487346] NetLabel:  unlabeled traffic allowed by default
[    0.488442] amd_nb: Cannot enumerate AMD northbridges
[    0.489399] clocksource: Switched to clocksource kvm-clock
[    0.495330] AppArmor: AppArmor Filesystem Enabled
[    0.496348] pnp: PnP ACPI init
[    0.497648] pnp: PnP ACPI: found 3 devices
[    0.505488] clocksource: acpi_pm: mask: 0xffffff max_cycles: 0xffffff, max_idle_ns: 2085701024 ns
[    0.507271] NET: Registered protocol family 2
[    0.508187] TCP established hash table entries: 8192 (order: 4, 65536 bytes)
[    0.509388] TCP bind hash table entries: 8192 (order: 5, 131072 bytes)
[    0.510522] TCP: Hash tables configured (established 8192 bind 8192)
[    0.511639] UDP hash table entries: 512 (order: 2, 16384 bytes)
[    0.512722] UDP-Lite hash table entries: 512 (order: 2, 16384 bytes)
[    0.513843] NET: Registered protocol family 1
[    0.514687] pci 0000:00:00.0: Limiting direct PCI/PCI transfers
[    0.515743] pci 0000:00:01.0: Activating ISA DMA hang workarounds
[    0.516942] Unpacking initramfs...
[    0.653918] Freeing initrd memory: 14888K
[    0.654891] clocksource: tsc: mask: 0xffffffffffffffff max_cycles: 0x328211acd6a, max_idle_ns: 440795259903 ns
[    0.656719] platform rtc_cmos: registered platform RTC device (no PNP device found)
[    0.658238] Scanning for low memory corruption every 60 seconds
[    0.659645] audit: initializing netlink subsys (disabled)
[    0.660639] audit: type=2000 audit(1638294494.054:1): initialized
[    0.661942] Initialise system trusted keyring
[    0.663022] HugeTLB registered 2 MB page size, pre-allocated 0 pages
[    0.665081] zbud: loaded
[    0.666028] VFS: Disk quotas dquot_6.6.0
[    0.666849] VFS: Dquot-cache hash table entries: 512 (order 0, 4096 bytes)
[    0.668275] squashfs: version 4.0 (2009/01/31) Phillip Lougher
[    0.669519] fuse init (API version 7.23)
[    0.670412] Key type big_key registered
[    0.671281] Allocating IMA MOK and blacklist keyrings.
[    0.672896] Key type asymmetric registered
[    0.673697] Asymmetric key parser 'x509' registered
[    0.674643] Block layer SCSI generic (bsg) driver version 0.4 loaded (major 249)
[    0.676175] io scheduler noop registered
[    0.676954] io scheduler deadline registered (default)
[    0.677925] io scheduler cfq registered
[    0.678773] pci_hotplug: PCI Hot Plug PCI Core version: 0.5
[    0.680125] pciehp: PCI Express Hot Plug Controller Driver version: 0.4
[    0.681349] ACPI: AC Adapter [AC] (on-line)
[    0.682216] input: Power Button as /devices/LNXSYSTM:00/LNXPWRBN:00/input/input0
[    0.683739] ACPI: Power Button [PWRF]
[    0.684527] input: Sleep Button as /devices/LNXSYSTM:00/LNXSLPBN:00/input/input1
[    0.685988] ACPI: Sleep Button [SLPF]
[    0.686872] GHES: HEST is not enabled!
[    0.687682] Serial: 8250/16550 driver, 32 ports, IRQ sharing enabled
[    0.709312] 00:02: ttyS0 at I/O 0x3f8 (irq = 4, base_baud = 115200) is a 16550A
[    0.711525] Linux agpgart interface v0.103
[    0.713358] loop: module loaded
[    0.714461] scsi host0: ata_piix
[    0.715211] scsi host1: ata_piix
[    0.715899] ata1: PATA max UDMA/33 cmd 0x1f0 ctl 0x3f6 bmdma 0xd000 irq 14
[    0.717162] ata2: PATA max UDMA/33 cmd 0x170 ctl 0x376 bmdma 0xd008 irq 15
[    0.718406] libphy: Fixed MDIO Bus: probed
[    0.719228] tun: Universal TUN/TAP device driver, 1.6
[    0.720154] tun: (C) 1999-2004 Max Krasnyansky <maxk@qualcomm.com>
[    0.721366] PPP generic driver version 2.4.2
[    0.722222] ehci_hcd: USB 2.0 'Enhanced' Host Controller (EHCI) Driver
[    0.723352] ehci-pci: EHCI PCI platform driver
[    0.724230] ehci-platform: EHCI generic platform driver
[    0.725171] ohci_hcd: USB 1.1 'Open' Host Controller (OHCI) Driver
[    0.726312] ohci-pci: OHCI PCI platform driver
[    0.727212] ohci-platform: OHCI generic platform driver
[    0.728168] uhci_hcd: USB Universal Host Controller Interface driver
[    0.729316] i8042: PNP: PS/2 Controller [PNP0303:PS2K,PNP0f03:PS2M] at 0x60,0x64 irq 1,12
[    0.731374] serio: i8042 KBD port at 0x60,0x64 irq 1
[    0.732369] serio: i8042 AUX port at 0x60,0x64 irq 12
[    0.733374] mousedev: PS/2 mouse device common for all mice
[    0.734891] input: AT Translated Set 2 keyboard as /devices/platform/i8042/serio0/input/input2
[    0.736535] rtc_cmos rtc_cmos: rtc core: registered rtc_cmos as rtc0
[    0.737778] rtc_cmos rtc_cmos: alarms up to one day, 114 bytes nvram
[    0.738979] i2c /dev entries driver
[    0.739723] device-mapper: uevent: version 1.0.3
[    0.740625] device-mapper: ioctl: 4.34.0-ioctl (2015-10-28) initialised: dm-devel@redhat.com
[    0.742345] ledtrig-cpu: registered to indicate activity on CPUs
[    0.743596] NET: Registered protocol family 10
[    0.744584] NET: Registered protocol family 17
[    0.745449] Key type dns_resolver registered
[    0.746505] registered taskstats version 1
[    0.747306] Loading compiled-in X.509 certificates
[    0.748952] Loaded X.509 cert 'Build time autogenerated kernel key: cf00e047681d67edb2720680708b7d9498083038'
[    0.750871] zswap: loaded using pool lzo/zbud
[    0.752966] Key type trusted registered
[    0.755991] Key type encrypted registered
[    0.756854] AppArmor: AppArmor sha1 policy hashing enabled
[    0.757862] ima: No TPM chip found, activating TPM-bypass!
[    0.758938] ima: Allocated hash algorithm: sha1
[    0.759834] evm: HMAC attrs: 0x1
[    0.760756]   Magic number: 13:876:846
[    0.761594] rtc_cmos rtc_cmos: setting system clock to 2021-11-30 17:48:09 UTC (1638294489)
[    0.763330] BIOS EDD facility v0.16 2004-Jun-25, 0 devices found
[    0.764389] EDD information not available.
[    1.055663] Freeing unused kernel memory: 1492K
[    1.056568] Write protecting the kernel read-only data: 14336k
[    1.058016] Freeing unused kernel memory: 1584K
[    1.058991] Freeing unused kernel memory: 52K
Loading, please wait...
starting version 229
[    1.068807] random: systemd-udevd: uninitialized urandom read (16 bytes read, 3 bits of entropy available)
[    1.069218] random: udevadm: uninitialized urandom read (16 bytes read, 3 bits of entropy available)
[    1.069233] random: udevadm: uninitialized urandom read (16 bytes read, 3 bits of entropy available)
[    1.074144] random: systemd-udevd: uninitialized urandom read (16 bytes read, 3 bits of entropy available)
[    1.075701] random: udevadm: uninitialized urandom read (16 bytes read, 3 bits of entropy available)
[    1.075732] random: udevadm: uninitialized urandom read (16 bytes read, 3 bits of entropy available)
[    1.075836] random: udevadm: uninitialized urandom read (16 bytes read, 3 bits of entropy available)
[    1.075873] random: udevadm: uninitialized urandom read (16 bytes read, 3 bits of entropy available)
[    1.075911] random: udevadm: uninitialized urandom read (16 bytes read, 3 bits of entropy available)
[    1.076032] random: udevadm: uninitialized urandom read (16 bytes read, 3 bits of entropy available)
[    1.104446] e1000: Intel(R) PRO/1000 Network Driver - version 7.3.21-k8-NAPI
[    1.105831] e1000: Copyright (c) 1999-2006 Intel Corporation.
[    1.106928] Fusion MPT base driver 3.04.20
[    1.107811] Copyright (c) 1999-2008 LSI Corporation
[    1.111181] Fusion MPT SPI Host driver 3.04.20
[    1.128169] AVX2 version of gcm_enc/dec engaged.
[    1.129066] AES CTR mode by8 optimization enabled
[    1.335090] input: ImExPS/2 Generic Explorer Mouse as /devices/platform/i8042/serio1/input/input4
[    1.677625] e1000 0000:00:03.0 eth0: (PCI:33MHz:32-bit) 02:be:82:6b:cc:1d
[    1.678853] e1000 0000:00:03.0 eth0: Intel(R) PRO/1000 Network Connection
[    1.680574] mptbase: ioc0: Initiating bringup
[    2.730410] ioc0: LSI53C1030 A0: Capabilities={Initiator}
[    4.716883] scsi host2: ioc0: LSI53C1030 A0, FwRev=00000000h, Ports=1, MaxQ=256, IRQ=20
[    6.716658] scsi 2:0:0:0: Direct-Access     VBOX     HARDDISK         1.0  PQ: 0 ANSI: 5
[    6.718313] scsi target2:0:0: Beginning Domain Validation
[    6.719947] scsi target2:0:0: Domain Validation skipping write tests
[    6.721027] scsi target2:0:0: Ending Domain Validation
[    6.722783] scsi target2:0:0: asynchronous
[    6.723919] scsi 2:0:1:0: Direct-Access     VBOX     HARDDISK         1.0  PQ: 0 ANSI: 5
[    6.725451] scsi target2:0:1: Beginning Domain Validation
[    6.727028] scsi target2:0:1: Domain Validation skipping write tests
[    6.728184] scsi target2:0:1: Ending Domain Validation
[    6.729138] scsi target2:0:1: asynchronous
[    6.733346] sd 2:0:0:0: Attached scsi generic sg0 type 0
[    6.734483] sd 2:0:0:0: [sda] 83886080 512-byte logical blocks: (42.9 GB/40.0 GiB)
[    6.746480] sd 2:0:1:0: Attached scsi generic sg1 type 0
[    6.747485] sd 2:0:1:0: [sdb] 20480 512-byte logical blocks: (10.5 MB/10.0 MiB)
[    6.749528] sd 2:0:1:0: [sdb] Write Protect is off
[    6.750477] sd 2:0:1:0: [sdb] Incomplete mode parameter data
[    6.751481] sd 2:0:1:0: [sdb] Assuming drive cache: write through
[    6.752535] sd 2:0:0:0: [sda] Write Protect is off
[    6.753628] sd 2:0:0:0: [sda] Incomplete mode parameter data
[    6.754664] sd 2:0:0:0: [sda] Assuming drive cache: write through
[    6.756813]  sda: sda1
[    6.766467] sd 2:0:1:0: [sdb] Attached SCSI disk
[    6.780244] sd 2:0:0:0: [sda] Attached SCSI disk
[    7.728219] e1000 0000:00:08.0 eth1: (PCI:33MHz:32-bit) 08:00:27:ee:4f:fc
[    7.729446] e1000 0000:00:08.0 eth1: Intel(R) PRO/1000 Network Connection
[    7.731377] e1000 0000:00:03.0 enp0s3: renamed from eth0
[    7.742041] e1000 0000:00:08.0 enp0s8: renamed from eth1
Begin: Loading essential drivers ... [    9.359755] md: linear personality registered for level -1
[    9.362495] md: multipath personality registered for level -4
[    9.365319] md: raid0 personality registered for level 0
[    9.368749] md: raid1 personality registered for level 1
[    9.437463] raid6: sse2x1   gen() 14777 MB/s
[    9.505445] raid6: sse2x1   xor() 11434 MB/s
[    9.573426] raid6: sse2x2   gen() 18786 MB/s
[    9.641457] raid6: sse2x2   xor() 13034 MB/s
[    9.709439] raid6: sse2x4   gen() 20916 MB/s
[    9.777435] raid6: sse2x4   xor() 13779 MB/s
[    9.845463] raid6: avx2x1   gen() 29802 MB/s
[    9.913461] raid6: avx2x2   gen() 34085 MB/s
[    9.981441] raid6: avx2x4   gen() 37113 MB/s
[    9.982378] raid6: using algorithm avx2x4 gen() 37113 MB/s
[    9.983458] raid6: using avx2x2 recovery algorithm
[    9.985137] xor: automatically using best checksumming function:
[   10.025403]    avx       : 32248.000 MB/sec
[   10.027132] async_tx: api initialized (async)
[   10.034789] md: raid6 personality registered for level 6
[   10.035885] md: raid5 personality registered for level 5
[   10.036875] md: raid4 personality registered for level 4
[   10.042001] md: raid10 personality registered for level 10
done.
Begin: Running /scripts/init-premount ... done.
Begin: Mounting root file system ... Begin: Running /scripts/local-top ... done.
Begin: Running /scripts/local-premount ... [   10.065449] Btrfs loaded
Scanning for Btrfs filesystems
done.
Warning: fsck not present, so skipping root file system
[   10.090936] EXT4-fs (sda1): mounted filesystem with ordered data mode. Opts: (null)
done.
Begin: Running /scripts/local-bottom ... done.
Begin: Running /scripts/init-bottom ... done.
[   10.166531] systemd[1]: systemd 229 running in system mode. (+PAM +AUDIT +SELINUX +IMA +APPARMOR +SMACK +SYSVINIT +UTMP +LIBCRYPTSETUP +GCRYPT +GNUTLS +ACL +XZ -LZ4 +SECCOMP +BLKID +ELFUTILS +KMOD -IDN)
[   10.169742] systemd[1]: Detected virtualization oracle.
[   10.170912] systemd[1]: Detected architecture x86-64.

Welcome to [1mUbuntu 16.04.7 LTS[0m!

[   10.173670] systemd[1]: Set hostname to <ubuntu-xenial>.
[   10.286204] systemd[1]: Listening on Journal Audit Socket.
[[0;32m  OK  [0m] Listening on Journal Audit Socket.
[   10.287993] systemd[1]: Listening on LVM2 poll daemon socket.
[[0;32m  OK  [0m] Listening on LVM2 poll daemon socket.
[   10.289709] systemd[1]: Started Forward Password Requests to Wall Directory Watch.
[[0;32m  OK  [0m] Started Forward Password Requests to Wall Directory Watch.
[   10.291982] systemd[1]: Reached target Swap.
[[0;32m  OK  [0m] Reached target Swap.
[   10.293349] systemd[1]: Listening on udev Control Socket.
[[0;32m  OK  [0m] Listening on udev Control Socket.
[   10.294850] systemd[1]: Listening on LVM2 metadata daemon socket.
[[0;32m  OK  [0m] Listening on LVM2 metadata daemon socket.
[   10.296567] systemd[1]: Listening on /dev/initctl Compatibility Named Pipe.
[[0;32m  OK  [0m] Listening on /dev/initctl Compatibility Named Pipe.
[   10.298615] systemd[1]: Set up automount Arbitrary Executable File Formats File System Automount Point.
[[0;32m  OK  [0m] Set up automount Arbitrary Executab...ats File System Automount Point.
[   10.305891] systemd[1]: Reached target User and Group Name Lookups.
[[0;32m  OK  [0m] Reached target User and Group Name Lookups.
[   10.307823] systemd[1]: Listening on udev Kernel Socket.
[[0;32m  OK  [0m] Listening on udev Kernel Socket.
[   10.309398] systemd[1]: Reached target Encrypted Volumes.
[[0;32m  OK  [0m] Reached target Encrypted Volumes.
[   10.310988] systemd[1]: Listening on Syslog Socket.
[[0;32m  OK  [0m] Listening on Syslog Socket.
[   10.317859] systemd[1]: Listening on Journal Socket (/dev/log).
[[0;32m  OK  [0m] Listening on Journal Socket (/dev/log).
[   10.325880] systemd[1]: Listening on Journal Socket.
[[0;32m  OK  [0m] Listening on Journal Socket.
[   10.334260] systemd[1]: Listening on Device-mapper event daemon FIFOs.
[[0;32m  OK  [0m] Listening on Device-mapper event daemon FIFOs.
[   10.342168] systemd[1]: Started Trigger resolvconf update for networkd DNS.
[[0;32m  OK  [0m] Started Trigger resolvconf update for networkd DNS.
[   10.344834] systemd[1]: Created slice System Slice.
[[0;32m  OK  [0m] Created slice System Slice.
[   10.373716] systemd[1]: Starting Create list of required static device nodes for the current kernel...
         Starting Create list of required st... nodes for the current kernel...
[   10.383169] systemd[1]: Starting Set console keymap...
         Starting Set console keymap...
[   10.385096] systemd[1]: Mounting POSIX Message Queue File System...
         Mounting POSIX Message Queue File System...
[   10.387447] systemd[1]: Mounting Huge Pages File System...
         Mounting Huge Pages File System...
[   10.390024] systemd[1]: Starting Nameserver information manager...
         Starting Nameserver information manager...
[   10.393185] systemd[1]: Mounting Debug File System...
         Mounting Debug File System...
[   10.395173] systemd[1]: Listening on fsck to fsckd communication Socket.
[[0;32m  OK  [0m] Listening on fsck to fsckd communication Socket.
[   10.397653] systemd[1]: Starting File System Check on Root Device...
         Starting File System Check on Root Device...
[   10.399796] systemd[1]: Reached target System Time Synchronized.
[[0;32m  OK  [0m] Reached target System Time Synchronized.
[   10.421552] systemd[1]: Starting Uncomplicated firewall...
         Starting Uncomplicated firewall...
[   10.423652] systemd[1]: Created slice system-serial\x2dgetty.slice.
[[0;32m  OK  [0m] Created slice system-serial\x2dgetty.slice.
[   10.429708] systemd[1]: Created slice User and Session Slice.
[[0;32m  OK  [0m] Created slice User and Session Slice.
[   10.431457] systemd[1]: Reached target Slices.
[[0;32m  OK  [0m] Reached target Slices.
[   10.433181] systemd[1]: Starting Monitoring of LVM2 mirrors, snapshots etc. using dmeventd or progress polling...
         Starting Monitoring of LVM2 mirrors... dmeventd or progress polling...
[   10.436219] systemd[1]: Starting Journal Service...
         Starting Journal Service...
[   10.439645] systemd[1]: Starting Load Kernel Modules...
         Starting Load Kernel Modules...
[   10.442290] systemd[1]: Mounted Huge Pages File System.
[[0;32m  OK  [0m] Mounted Huge Pages File System.
[   10.444261] systemd[1]: Mounted POSIX Message Queue File System.
[[0;32m  OK  [0m] Mounted POSIX Message Queue File System.
[   10.447934] Loading iSCSI transport class v2.0-870.
[   10.453529] systemd[1]: Mounted Debug File System.
[[0;32m  OK  [0m] Mounted Debug File System.
[   10.455407] systemd[1]: Started Create list of required static device nodes for the current kernel.
[   10.457344] iscsi: registered transport (tcp)
[[0;32m  OK  [0m] Started Create list of required sta...ce nodes for the current kernel.
[   10.473963] systemd[1]: Started Set console keymap.
[[0;32m  OK  [0m] Started Set console keymap.
[   10.476587] systemd[1]: Started File System Check on Root Device.
[[0;32m  OK  [0m] Started File System Check on Root Device.
[   10.478753] systemd[1]: Started Uncomplicated firewall.
[[0;32m  OK  [0m] Started Uncomplicated firewall.
[   10.480669] systemd[1]: Started Nameserver information manager.
[[0;32m  OK  [0m] Started Nameserver information manager.
[   10.483451] systemd[1]: Started Journal Service.
[[0;32m  OK  [0m] Started Journal Service.
[   10.486182] iscsi: registered transport (iser)
[[0;32m  OK  [0m] Started LVM2 metadata daemon.
[[0;32m  OK  [0m] Started File System Check Daemon to report status.
         Starting Remount Root and Kernel File Systems...
[   10.498522] EXT4-fs (sda1): re-mounted. Opts: (null)
         Starting Create Static Device Nodes in /dev...
[[0;32m  OK  [0m] Started Load Kernel Modules.
[[0;32m  OK  [0m] Started Remount Root and Kernel File Systems.
         Starting Flush Journal to Persistent Storage...
         Starting udev Coldplug all Devices...
         Starting Load/Save Random Seed...
         Mounting FUSE Control File System...
         Starting Apply Kernel Variables...
[[0;32m  OK  [0m] Mounted FUSE Control File System.
[[0;32m  OK  [0m] Started Load/Save Random See[   10.518855] systemd-journald[397]: Received request to flush runtime journal from PID 1
d.
[[0;32m  OK  [0m] Started Flush Journal to Persistent Storage.
[[0;32m  OK  [0m] Started Apply Kernel Variables.
[[0;32m  OK  [0m] Started Create Static Device Nodes in /dev.
         Starting udev Kernel Device Manager...
[[0;32m  OK  [0m] Started udev Coldplug all Devices.
[[0;32m  OK  [0m] Started udev Kernel Device Manager.
[[0;32m  OK  [0m] Started Dispatch Password Requests to Console Directory Watch.
[[0;32m  OK  [0m] Started Monitoring of LVM2 mirrors,...ng dmeventd or progress polling.
[[0;32m  OK  [0m] Reached target Local File Systems (Pre).
[[0;32m  OK  [0m] Reached target Local File Systems.
         Starting Create Volatile Files and Directories...
         Starting Set console font and keymap...
         Starting Initial cloud-init job (pre-networking)...
         Starting Tell Plymouth To Write Out Runtime Data...
         Starting LSB: AppArmor initialization...
[[0;32m  OK  [0m] Started Create Volatile Files and Directories.
         Starting Update UTMP about System Boot/Shutdown...
[[0;32m  OK  [0m] Started Update UTMP about System Boot/Shutdown.
[[0;32m  OK  [0m] Started Tell Plymouth To Write Out Runtime Data.
[[0;32m  OK  [0m] Found device /dev/ttyS0.
[[0;32m  OK  [0m] Started LSB: AppArmor initialization.
[[0;32m  OK  [0m] Listening on Load/Save RF Kill Switch Status /dev/rfkill Watch.
         Starting Load AppArmor profiles managed internally by snapd...
[[0;32m  OK  [0m] Started Load AppArmor profiles managed internally by snapd.
[[0;32m  OK  [0m] Found device 82540EM Gigabit Ethern...r (PRO/1000 MT Desktop Adapter).
[[0;32m  OK  [0m] Found device 82540EM Gigabit Ethern...r (PRO/1000 MT Desktop Adapter).
[   11.251825] cloud-init[498]: Cloud-init v. 21.1-19-gbad84ad4-0ubuntu1~16.04.2 running 'init-local' at Tue, 30 Nov 2021 17:48:19 +0000. Up 11.00 seconds.
[[0;32m  OK  [0m] Started Initial cloud-init job (pre-networking).
[[0;32m  OK  [0m] Reached target Network (Pre).
[[0;32m  OK  [0m] Started ifup for enp0s3.
[[0;32m  OK  [0m] Started ifup for enp0s8.
         Starting Raise network interfaces...
[[0;32m  OK  [0m] Started Set console font and keymap.
[[0;32m  OK  [0m] Created slice system-getty.slice.
[[0;32m  OK  [0m] Started Raise network interfaces.
[[0;32m  OK  [0m] Reached target Network.
         Starting Initial cloud-init job (metadata service crawler)...
[   12.024999] cloud-init[1072]: Cloud-init v. 21.1-19-gbad84ad4-0ubuntu1~16.04.2 running 'init' at Tue, 30 Nov 2021 17:48:20 +0000. Up 11.80 seconds.
[   12.026247] cloud-init[1072]: ci-info: ++++++++++++++++++++++++++++++++++++++Net device info+++++++++++++++++++++++++++++++++++++++
[   12.027478] cloud-init[1072]: ci-info: +--------+------+-----------------------------+---------------+--------+-------------------+
[   12.028732] cloud-init[1072]: ci-info: | Device |  Up  |           Address           |      Mask     | Scope  |     Hw-Address    |
[   12.030105] cloud-init[1072]: ci-info: +--------+------+-----------------------------+---------------+--------+-------------------+
[   12.031355] cloud-init[1072]: ci-info: | enp0s3 | True |          10.0.2.15          | 255.255.255.0 | global | 02:be:82:6b:cc:1d |
[   12.032611] cloud-init[1072]: ci-info: | enp0s3 | True |  fe80::be:82ff:fe6b:cc1d/64 |       .       |  link  | 02:be:82:6b:cc:1d |
[   12.033933] cloud-init[1072]: ci-info: | enp0s8 | True |        192.168.10.150       | 255.255.255.0 | global | 08:00:27:ee:4f:fc |
[   12.035284] cloud-init[1072]: ci-info: | enp0s8 | True | fe80::a00:27ff:feee:4ffc/64 |       .       |  link  | 08:00:27:ee:4f:fc |
[   12.036526] cloud-init[1072]: ci-info: |   lo   | True |          127.0.0.1          |   255.0.0.0   |  host  |         .         |
[   12.037784] cloud-init[1072]: ci-info: |   lo   | True |           ::1/128           |       .       |  host  |         .         |
[   12.039049] cloud-init[1072]: ci-info: +--------+------+-----------------------------+---------------+--------+-------------------+
[   12.040203] cloud-init[1072]: ci-info: ++++++++++++++++++++++++++++Route IPv4 info++++++++++++++++++++++++++++
[   12.048252] cloud-init[1072]: ci-info: +-------+--------------+----------+---------------+-----------+-------+
[   12.049296] cloud-init[1072]: ci-info: | Route | Destination  | Gateway  |    Genmask    | Interface | Flags |
[   12.056218] cloud-init[1072]: ci-info: +-------+--------------+----------+---------------+-----------+-------+
[   12.064269] cloud-init[1072]: ci-info: |   0   |   0.0.0.0    | 10.0.2.2 |    0.0.0.0    |   enp0s3  |   UG  |
[   12.065381] cloud-init[1072]: ci-info: |   1   |   10.0.2.0   | 0.0.0.0  | 255.255.255.0 |   enp0s3  |   U   |
[   12.072229] cloud-init[1072]: ci-info: |   2   | 192.168.10.0 | 0.0.0.0  | 255.255.255.0 |   enp0s8  |   U   |
[   12.080267] cloud-init[1072]: ci-info: +-------+--------------+----------+---------------+-----------+-------+
[   12.080430] cloud-init[1072]: ci-info: +++++++++++++++++++Route IPv6 info+++++++++++++++++++
[   12.080522] cloud-init[1072]: ci-info: +-------+-------------+---------+-----------+-------+
[   12.080700] cloud-init[1072]: ci-info: | Route | Destination | Gateway | Interface | Flags |
[   12.080907] cloud-init[1072]: ci-info: +-------+-------------+---------+-----------+-------+
[   12.081090] cloud-init[1072]: ci-info: |   0   |  fe80::/64  |    ::   |   enp0s3  |   U   |
[   12.081296] cloud-init[1072]: ci-info: |   1   |  fe80::/64  |    ::   |   enp0s8  |   U   |
[   12.081522] cloud-init[1072]: ci-info: |   4   |   ff00::/8  |    ::   |   enp0s3  |   U   |
[   12.081726] cloud-init[1072]: ci-info: |   5   |   ff00::/8  |    ::   |   enp0s8  |   U   |
[   12.081929] cloud-init[1072]: ci-info: +-------+-------------+---------+-----------+-------+
[[0;32m  OK  [0m] Started Initial cloud-init job (metadata service crawler).
[[0;32m  OK  [0m] Reached target System Initialization.
[[0;32m  OK  [0m] Started Daily apt download activities.
         Starting Socket activation for snappy daemon.
[[0;32m  OK  [0m] Started Daily apt upgrade and clean activities.
[[0;32m  OK  [0m] Listening on UUID daemon activation socket.
[[0;32m  OK  [0m] Started Ubuntu Advantage update messaging.
         Starting LXD - unix socket.
[[0;32m  OK  [0m] Started ACPI Events Check.
[[0;32m  OK  [0m] Reached target Paths.
[[0;32m  OK  [0m] Listening on D-Bus System Message Bus Socket.
[[0;32m  OK  [0m] Started Daily Cleanup of Temporary Directories.
[[0;32m  OK  [0m] Started Message of the Day.
[[0;32m  OK  [0m] Reached target Timers.
[[0;32m  OK  [0m] Listening on ACPID Listen Socket.
[[0;32m  OK  [0m] Reached target Network is Online.
         Starting iSCSI initiator daemon (iscsid)...
[[0;32m  OK  [0m] Reached target Cloud-config availability.
[[0;32m  OK  [0m] Listening on Socket activation for snappy daemon.
[[0;32m  OK  [0m] Listening on LXD - unix socket.
[[0;32m  OK  [0m] Reached target Sockets.
[[0;32m  OK  [0m] Reached target Basic System.
[[0;32m  OK  [0m] Started ACPI event daemon.
         Starting Virtualbox guest utils...
         Starting Login Service...
[[0;32m  OK  [0m] Started D-Bus System Message Bus.
         Starting OpenBSD Secure Shell server...
         Starting LXD - container startup/shutdown...
         Starting System Logging Service...
[[0;32m  OK  [0m] Started FUSE filesystem for LXC.
         Starting LSB: Record successful boot for GRUB...
[[0;32m  OK  [0m] Started Deferred execution scheduler.
         Starting Accounts Service...
         Starting /etc/rc.local Compatibility...
         Starting Snap Daemon...
[[0;32m  OK  [0m] Started Regular background program processing daemon.
         Starting LSB: MD monitoring daemon...
[[0;32m  OK  [0m] Started System Logging Service.
[[0;32m  OK  [0m] Started iSCSI initiator daemon (iscsid).
[[0;32m  OK  [0m] Started /etc/rc.local Compatibility.
[[0;32m  OK  [0m] Started OpenBSD Secure Shell server.
         Starting Login to default iSCSI targets...
[[0;32m  OK  [0m] Started Login Service.
[[0;32m  OK  [0m] Started Unattended Upgrades Shutdown.
[[0;32m  OK  [0m] Started LSB: Record successful boot for GRUB.
[[0;32m  OK  [0m] Started Login to default iSCSI targets.
[[0;32m  OK  [0m] Reached target Remote File Systems (Pre).
         Mounting /vagrant...
[[0;32m  OK  [0m] Started LXD - container startup/shutdown.
[[0;32m  OK  [0m] Started LSB: MD monitoring daemon.
         Starting Authenticate and Authorize Users to Run Privileged Tasks...
[[0;32m  OK  [0m] Started Virtualbox guest utils.
[[0;32m  OK  [0m] Mounted /vagrant.
[[0;32m  OK  [0m] Reached target Remote File Systems.
         Starting LSB: Set the CPU Frequency Scaling governor to "ondemand"...
         Starting LSB: daemon to balance interrupts for SMP systems...
         Starting LSB: automatic crash report generation...
         Starting Permit User Sessions...
[[0;32m  OK  [0m] Started Permit User Sessions.
         Starting Terminate Plymouth Boot Screen...
         Starting Hold until boot process finishes up...
[[0;32m  OK  [0m] Started Hold until boot process finishes up.
         Starting Set console scheme...
[[0;32m  OK  [0m] Started Getty on tty1.
[[0;32m  OK  [0m] Started Serial Getty on ttyS0.
[[0;32m  OK  [0m] Reached target Login Prompts.
[[0;32m  OK  [0m] Started Terminate Plymouth Boot Screen.
[[0;32m  OK  [0m] Started Set console scheme.
[[0;32m  OK  [0m] Started Authenticate and Authorize Users to Run Privileged Tasks.
[[0;32m  OK  [0m] Created slice User Slice of vagrant.
[[0;32m  OK  [0m] Started LSB: Set the CPU Frequency Scaling governor to "ondemand".
[[0;32m  OK  [0m] Started Accounts Service.
[[0;32m  OK  [0m] Started LSB: daemon to balance interrupts for SMP systems.
[[0;32m  OK  [0m] Started LSB: automatic crash report generation.
[[0;32m  OK  [0m] Started Session 1 of user vagrant.
         Starting User Manager for UID 1000...
[[0;32m  OK  [0m] Started User Manager for UID 1000.
[[0;32m  OK  [0m] Started Snap Daemon.
         Starting Wait until snapd is fully seeded...
[[0;32m  OK  [0m] Started Wait until snapd is fully seeded.
[[0;32m  OK  [0m] Reached target Multi-User System.
[[0;32m  OK  [0m] Reached target Graphical Interface.
         Starting Update UTMP about System Runlevel Changes...
         Starting Apply the settings specified in cloud-config...
[[0;32m  OK  [0m] Started Update UTMP about System Runlevel Changes.
[   12.902579] cloud-init[1394]: Cloud-init v. 21.1-19-gbad84ad4-0ubuntu1~16.04.2 running 'modules:config' at Tue, 30 Nov 2021 17:48:21 +0000. Up 12.80 seconds.
[[0;32m  OK  [0m] Started Apply the settings specified in cloud-config.
         Starting Execute cloud user/final scripts...
[   13.339862] cloud-init[1431]: Cloud-init v. 21.1-19-gbad84ad4-0ubuntu1~16.04.2 running 'modules:final' at Tue, 30 Nov 2021 17:48:22 +0000. Up 13.23 seconds.
[   13.341446] cloud-init[1431]: Cloud-init v. 21.1-19-gbad84ad4-0ubuntu1~16.04.2 finished at Tue, 30 Nov 2021 17:48:22 +0000. Datasource DataSourceNoCloud [seed=/dev/sdb][dsmode=net].  Up 13.33 seconds
[[0;32m  OK  [0m] Started Execute cloud user/final scripts.
[[0;32m  OK  [0m] Reached target Cloud-init target.

Ubuntu 16.04.7 LTS ubuntu-xenial ttyS0

ubuntu-xenial login: 